============================= test session starts ==============================
platform linux -- Python 3.11.10, pytest-8.2.2, pluggy-1.6.0 -- /home/user/todo-api/.venv/bin/python
cachedir: .pytest_cache
rootdir: /home/user/todo-api
plugins: asyncio-0.23.7, anyio-4.13.0
asyncio: mode=Mode.STRICT
collecting ... collected 1 item

auth_service/tests/test_auth.py::test_delete_user_triggers_background_task PASSED [100%]

=============================== warnings summary ===============================
.venv/lib/python3.11/site-packages/starlette/formparsers.py:12
  /home/user/todo-api/.venv/lib/python3.11/site-packages/starlette/formparsers.py:12: PendingDeprecationWarning: Please use `import python_multipart` instead.
    import multipart

.venv/lib/python3.11/site-packages/pydantic/_internal/_config.py:284
  /home/user/todo-api/.venv/lib/python3.11/site-packages/pydantic/_internal/_config.py:284: PydanticDeprecatedSince20: Support for class-based `config` is deprecated, use ConfigDict instead. Deprecated in Pydantic V2.0 to be removed in V3.0. See Pydantic V2 Migration Guide at https://errors.pydantic.dev/2.7/migration/
    warnings.warn(DEPRECATION_MESSAGE, DeprecationWarning)

.venv/lib/python3.11/site-packages/passlib/utils/__init__.py:854
  /home/user/todo-api/.venv/lib/python3.11/site-packages/passlib/utils/__init__.py:854: DeprecationWarning: 'crypt' is deprecated and slated for removal in Python 3.13
    from crypt import crypt as _crypt

-- Docs: https://docs.pytest.org/en/stable/how-to/capture-warnings.html
======================== 1 passed, 3 warnings in 7.36s =========================
